

 Using 6 threads


 Using 6 threads


 Using 6 threads


 Using 6 threads


 Using 6 threads


 Using 6 threads


 Using 6 threads


 Using 6 threads


 Using 6 threads


 Using 6 threads


 Using 6 threads


 Using 6 threads


 Using 6 threads


 Using 6 threads


 Using 6 threads


 Using 6 threads


 Using 6 threads


 Using 6 threads


 Using 6 threads


 Using 6 threads


 Using 6 threads


 Using 6 threads


 Using 6 threads


 Using 6 threads


 Using 6 threads


 Using 6 threads


 Using 6 threads


 Using 6 threads


 Using 6 threads


 Using 6 threads


 Using 6 threads


 Using 6 threads


 Using 6 threads


 Using 6 threads


 Using 6 threads


 Using 6 threads


 Using 6 threads


 Using 6 threads


 Using 6 threads


 Using 6 threads


 Using 6 threads


 Using 6 threads


 Using 6 threads


 Using 6 threads


 Using 6 threads


 Using 6 threads


 Using 6 threads


 Using 6 threads


 Using 6 threads


 Using 6 threads


 Using 6 threads


 Using 6 threads


 Using 6 threads


 Using 6 threads


 Using 6 threads


 Using 6 threads


 Using 6 threads


 Using 6 threads


 Using 6 threads


 Using 6 threads


 Using 6 threads


 Using 6 threads


 Using 6 threads


 Using 6 threads


 Using 6 threads


 Using 6 threads


 Using 6 threads


 Using 6 threads


 Using 6 threads


 Using 6 threads


 Using 6 threads


 Using 6 threads


 Using 6 threads


 Using 6 threads


 Using 6 threads


 Using 6 threads


 Using 6 threads


 Using 6 threads


 Using 6 threads


 Using 6 threads


 Using 6 threads


 Using 6 threads


 Using 6 threads


 Using 6 threads


 Using 6 threads


 Using 6 threads


 Using 6 threads


 Using 6 threads


 Using 6 threads


 Using 6 threads


 Using 6 threads


 Using 6 threads


 Using 6 threads


 Using 6 threads


 Using 6 threads


 Using 6 threads


 Using 6 threads


 Using 6 threads


 Using 6 threads


 Using 6 threads


 Using 6 threads


 Using 6 threads


 Using 6 threads


 Using 6 threads


 Using 6 threads


 Using 6 threads


 Using 6 threads


 Using 6 threads


 Using 6 threads


 Using 6 threads


 Using 6 threads


 Using 6 threads


 Using 6 threads


 Using 6 threads


 Using 6 threads


 Using 6 threads


 Using 6 threads


 Using 6 threads


 Using 6 threads


 Using 6 threads


 Using 6 threads


 Using 6 threads


 Using 6 threads


 Using 6 threads


 Using 6 threads


 Using 6 threads


 Using 6 threads


 Using 6 threads


 Using 6 threads


 Using 6 threads


 Using 6 threads


 Using 6 threads


 Using 6 threads


 Using 6 threads


 Using 6 threads


 Using 6 threads


 Using 6 threads


 Using 6 threads


 Using 6 threads


 Using 6 threads


 Using 6 threads


 Using 6 threads


 Using 6 threads


 Using 6 threads


 Using 6 threads


 Using 6 threads


 Using 6 threads


 Using 6 threads


 Using 6 threads


 Using 6 threads


 Using 6 threads


 Using 6 threads


 Using 6 threads


 Using 6 threads


 Using 6 threads


 Using 6 threads


 Using 6 threads


 Using 6 threads


 Using 6 threads


 Using 6 threads


 Using 6 threads


 Using 6 threads


 Using 6 threads


 Using 6 threads


 Using 6 threads


 Using 6 threads


 Using 6 threads


 Using 6 threads


 Using 6 threads


 Using 6 threads


 Using 6 threads


 Using 6 threads


 Using 6 threads


 Using 6 threads


 Using 6 threads


 Using 6 threads


 Using 6 threads


 Using 6 threads


 Using 6 threads


 Using 6 threads


 Using 6 threads


 Using 6 threads


 Using 6 threads


 Using 6 threads


 Using 6 threads


 Using 6 threads


 Using 6 threads


 Using 6 threads


 Using 6 threads


 Using 6 threads


 Using 6 threads


 Using 6 threads


 Using 6 threads


 Using 6 threads


 Using 6 threads


 Using 6 threads


 Using 6 threads


 Using 6 threads


 Using 6 threads


 Using 6 threads


 Using 6 threads


 Using 6 threads


 Using 6 threads


 Using 6 threads


 Using 6 threads


 Using 6 threads


 Using 6 threads


 Using 6 threads


 Using 6 threads


 Using 6 threads


 Using 6 threads


 Using 6 threads


 Using 6 threads


 Using 6 threads


 Using 6 threads


 Using 6 threads


 Using 6 threads


 Using 6 threads


 Using 6 threads


 Using 6 threads


 Using 6 threads


 Using 6 threads


 Using 6 threads


 Using 6 threads


 Using 6 threads


 Using 6 threads


 Using 6 threads


 Using 6 threads


 Using 6 threads


 Using 6 threads


 Using 6 threads


 Using 6 threads


 Using 6 threads


 Using 6 threads


 Using 6 threads


 Using 6 threads


 Using 6 threads


 Using 6 threads


 Using 6 threads


 Using 6 threads


 Using 6 threads


 Using 6 threads


 Using 6 threads


 Using 6 threads


 Using 6 threads


 Using 6 threads


 Using 6 threads


 Using 6 threads


 Using 6 threads


 Using 6 threads


 Using 6 threads


 Using 6 threads


 Using 6 threads


 Using 6 threads


 Using 6 threads


 Using 6 threads


 Using 6 threads


 Using 6 threads


 Using 6 threads


 Using 6 threads


 Using 6 threads


 Using 6 threads


 Using 6 threads


 Using 6 threads


 Using 6 threads


 Using 6 threads


 Using 6 threads


 Using 6 threads


 Using 6 threads


 Using 6 threads


 Using 6 threads


 Using 6 threads


 Using 6 threads


 Using 6 threads


 Using 6 threads


 Using 6 threads


 Using 6 threads


 Using 6 threads


 Using 6 threads


 Using 6 threads


 Using 6 threads


 Using 6 threads


 Using 6 threads


 Using 6 threads


 Using 6 threads


 Using 6 threads


 Using 6 threads


 Using 6 threads


 Using 6 threads


 Using 6 threads


 Using 6 threads


 Using 6 threads


 Using 6 threads


 Using 6 threads


 Using 6 threads


 Using 6 threads


 Using 6 threads


 Using 6 threads


 Using 6 threads


 Using 6 threads


 Using 6 threads


 Using 6 threads


 Using 6 threads


 Using 6 threads


 Using 6 threads


 Using 6 threads


 Using 6 threads


 Using 6 threads


 Using 6 threads


 Using 6 threads


 Using 6 threads


 Using 6 threads


 Using 6 threads


 Using 6 threads


 Using 6 threads


 Using 6 threads


 Using 6 threads


 Using 6 threads


 Using 6 threads


 Using 6 threads


 Using 6 threads


 Using 6 threads


 Using 6 threads


 Using 6 threads


 Using 6 threads


 Using 6 threads


 Using 6 threads


 Using 6 threads


 Using 6 threads


 Using 6 threads


 Using 6 threads


 Using 6 threads


 Using 6 threads


 Using 6 threads


 Using 6 threads


 Using 6 threads


 Using 6 threads


 Using 6 threads


 Using 6 threads


 Using 6 threads


 Using 6 threads


 Using 6 threads


 Using 6 threads


 Using 6 threads


 Using 6 threads


 Using 6 threads


 Using 6 threads


 Using 6 threads


 Using 6 threads


 Using 6 threads


 Using 6 threads


 Using 6 threads


 Using 6 threads


 Using 6 threads


 Using 6 threads


 Using 6 threads


 Using 6 threads


 Using 6 threads


 Using 6 threads


 Using 6 threads


 Using 8 threads


 Using 8 threads


 Using 8 threads


 Using 8 threads


 Using 8 threads


 Using 8 threads


 Using 8 threads


 Using 8 threads


 Using 8 threads


 Using 8 threads


 Using 8 threads


 Using 8 threads


 Using 8 threads


 Using 8 threads


 Using 8 threads


 Using 8 threads


 Using 8 threads


 Using 8 threads


 Using 8 threads


 Using 8 threads


 Using 8 threads


 Using 8 threads


 Using 8 threads


 Using 8 threads


 Using 8 threads


 Using 8 threads


 Using 8 threads


 Using 8 threads


 Using 8 threads


 Using 8 threads


 Using 8 threads


 Using 8 threads


 Using 8 threads


 Using 8 threads


 Using 8 threads


 Using 8 threads


 Using 8 threads


 Using 8 threads


 Using 8 threads


 Using 8 threads


 Using 8 threads


 Using 8 threads


 Using 8 threads


 Using 8 threads


 Using 8 threads


 Using 8 threads


 Using 8 threads


 Using 8 threads


 Using 8 threads


 Using 8 threads


 Using 8 threads


 Using 8 threads


 Using 8 threads


 Using 8 threads
